...............                                                          [100%]
15 passed in 0.24s
